node.exe : C:\Users\Krloz\Desktop\CARLOS\AN
TIGRAVITY\APP_LOCAL\backend\src\scripts\syn
cToSupabase.ts:104
En línea: 1 Carácter: 1
+ & "C:\Program Files\nodejs/node.exe" 
"C:\Program Files\nodejs/node_mo ...
+ ~~~~~~~~~~~~~~~~~~~~~~~~~~~~~~~~~~~~~~~~~
~~~~~~~~~~~~~~~~~~~~~~~~~~~~
    + CategoryInfo          : NotSpecified 
   : (C:\Users\Krloz\...Supabase.ts:104:S  
  tring) [], RemoteException
    + FullyQualifiedErrorId : NativeComman 
   dError
 
if (require.main === module) {
^

ReferenceError: require is not defined in 
ES module scope, you can use import instead
    at <anonymous> (C:\Users\Krloz\Desktop\
CARLOS\ANTIGRAVITY\APP_LOCAL\backend\src\sc
ripts\syncToSupabase.ts:104:1)
    at ModuleJob.run (node:internal/modules
/esm/module_job:413:25)
    at async 
onImport.tracePromise.__proto__ 
(node:internal/modules/esm/loader:660:26)
    at async 
asyncRunEntryPointWithESMLoader 
(node:internal/modules/run_main:101:5)

Node.js v24.13.0
